{"no_v_call": 0, "no_j_call": 3, "no_d_call": 24, "no_c_call": 25, "no_junction": 21, "no_junction_aa": 0, "IGH_aligned_reads": 2, "IGL_aligned_reads": 2, "total_reads": 20000}