{"no_v_call": 0, "no_j_call": 5, "no_d_call": 4, "no_c_call": 7, "no_junction": 2, "no_junction_aa": 0, "IGH_aligned_reads": 6, "total_reads": 10}